// Jest Snapshot v1, https://goo.gl/fbAQLP

exports[`test component sidermenu 1`] = `"<div class=\\"ant-layout-sider ant-layout-sider-dark\\" style=\\"flex:0 0 256px;max-width:256px;min-width:256px;width:256px\\" data-reactroot=\\"\\"><div class=\\"ant-layout-sider-children\\"><div><a href=\\"/\\"><img alt=\\"logo\\"/><h1>Ant Design Pro</h1></a></div><ul style=\\"padding:16px 0;width:100%\\" class=\\"ant-menu ant-menu-dark ant-menu-root ant-menu-inline\\" role=\\"menu\\"></ul></div></div>"`;
